// Bun Snapshot v1, https://bun.sh/docs/test/snapshots

exports[`CockpitApp layout matches the expected frame at a fixed size 1`] = `
"┌─Claude Code──────────────────────────────────────────────────────────────────┐
│ No messages yet. Type a prompt to start the conversation.                    │
│                                                                              │
│                                                                              │
│                                                                              │
│                                                                              │
│                                                                              │
│                                                                              │
│                                                                              │
│                                                                              │
│                                                                              │
│                                                                              │
│                                                                              │
│                                                                              │
│                                                                              │
│                                                                              │
│                                                                              │
│                                                                              │
│                                                                              │
│                                                                              │
│                                                                              │
│                                                                              │
└──────────────────────────────────────────────────────────────────────────────┘
 ▸ Claude Code: idle    Codex: idle                          ^O switch  F1 help 
"
`;
